// Jest Snapshot v1, https://goo.gl/fbAQLP

exports[`<LocationSearchBox /> calls API to search for locations and calls onChange 1`] = `"<div data-testid=\\"option-1252431\\"><span style=\\"font-weight: 700;\\">Ho</span><span style=\\"font-weight: 400;\\"> </span><span style=\\"font-weight: 700;\\">Chi</span><span style=\\"font-weight: 400;\\"> </span><span style=\\"font-weight: 700;\\">Minh</span><span style=\\"font-weight: 400;\\"> City</span></div>"`;
